426.94
289.33
159.08
30.12
-99.59
-230.97
-364.40
-499.97
-638.41
-777.98
-918.78
-1060.42
