1.00
2.91
4.81
6.71
8.59
10.47
12.33
14.18
16.02
17.85
19.67
21.48
