1.98
1.61
1.24
0.87
0.50
0.13
-0.25
-0.64
-1.03
-1.42
-1.82
-2.22
