1486.64
1206.74
931.46
655.62
377.43
96.10
-188.74
-477.20
-769.92
-1065.48
-1364.00
-1665.20
