-393.21
-252.82
-109.70
35.30
181.88
329.96
479.51
630.55
782.98
937.15
1093.05
1250.80
