300.67
197.47
96.46
-3.75
-102.87
-203.78
-308.08
-416.49
-525.94
-637.59
-751.20
-866.50
