-0.56
2.52
5.42
8.44
11.39
14.33
17.12
19.79
22.61
25.40
28.08
30.77
