1.10
0.94
0.79
0.64
0.49
0.34
0.19
0.02
-0.15
-0.32
-0.49
-0.67
