824.22
705.22
589.74
476.64
367.44
256.46
138.99
16.15
-109.23
-237.81
-369.18
-502.98
