88.86
104.68
119.13
132.03
142.11
152.18
165.35
179.78
195.72
212.64
230.40
248.90
