334.43
232.04
131.96
35.54
-61.58
-163.03
-266.15
-371.58
-479.29
-588.96
-423.94
-813.21
