2.71
5.70
8.75
11.90
14.74
17.55
19.52
22.42
25.56
28.51
31.13
33.97
