1.32
1.17
1.02
0.88
0.75
0.60
0.44
0.29
0.12
-0.04
0.20
-0.38
