991.38
876.85
766.66
663.40
559.15
447.58
332.70
214.37
92.92
-31.30
151.22
-285.11
