-15.33
-3.19
6.92
13.76
20.89
31.00
42.77
55.66
69.41
83.95
66.46
113.52
