323.03
325.99
599.73
603.64
321.17
321.12
603.27
602.45
309.55
309.29
599.99
515.37
305.71
305.71
494.29
492.82
